---
source: h11types/src/parser/p_h11request_meta.rs
expression: "HeaderTc { tc_input, tester, res, meta }"
---
HeaderTc {
    tc_input: "Content-Length: 42 \r\n",
    tester: HeaderTest {
        seen: [
            "ContentLength(42)",
        ],
    },
    res: Ok(
        Incomplete(
            21,
            [],
        ),
    ),
    meta: H11RequestMeta {
        method: Unknown,
        target_loc: None,
        version: Unknown,
        transfer_encoding: None,
        transfer_compression: None,
        body_length: Some(
            42,
        ),
        headers_end: None,
    },
}
