---
source: h11types/src/parser/p_h11header.rs
expression: "InternalTc { input: tc_input, output: r, res_str, }"
---
InternalTc {
    input: "A: foo\r\nB: ",
    output: TestReceiver {
        hdrs: [
            "Hu[A=foo]",
        ],
        finished: false,
    },
    res_str: Ok(
        Incomplete(
            8,
            "B: ",
        ),
    ),
}
